// Jest Snapshot v1, https://goo.gl/fbAQLP

exports[`date filter should return only talk between 19-01-2021 and 25-012021 1`] = `
Array [
  Object {
    "date": "19/01/2021",
    "eventName": "GraalVM Night",
    "eventType": "Meetup",
    "indexLine": 10,
    "link": "https://www.meetup.com/singajug/events/275681145/",
    "location": "Singapour",
    "speakers": "Anne Imal",
    "talkTitle": "GraalVM for Sustainable Software Development?",
    "universe": "web",
  },
  Object {
    "date": "19/01/2021",
    "eventName": "NightClass",
    "eventType": "NightClazz",
    "indexLine": 11,
    "link": "https://www.meetup.com/singajug/events/275681145/",
    "location": "Grenoble",
    "speakers": "Yves Rogne",
    "talkTitle": "Migration JS vers TS sur du react",
    "universe": "web",
  },
  Object {
    "date": "21/01/2021",
    "eventName": "Nantes JS #55",
    "eventType": "Meetup",
    "indexLine": 12,
    "link": "https://twitter.com/NantesJS/status/1351104198436392964",
    "location": "Nantes",
    "speakers": "Guy Tarenbois",
    "talkTitle": "Nuxt 2021",
    "universe": "web",
  },
  Object {
    "date": "21/01/2021",
    "eventName": "Webinar Strigo",
    "eventType": "Autre",
    "indexLine": 13,
    "link": "https://zoom.us/webinar/register",
    "location": "Mix",
    "speakers": "Sarah Pelle",
    "talkTitle": "Simplify Remote Hands-On Training and Improve Engagement",
    "universe": "web",
  },
  Object {
    "date": "25/01/2021",
    "eventName": "RemoteClazz Nodejs",
    "eventType": "NightClazz",
    "indexLine": 14,
    "link": "https://www.meetup.com/NightClazz-by-Zenika-Nantes/events/275720340/",
    "location": "Nantes",
    "speakers": "Sophie Stiqu√©",
    "talkTitle": "Techniques minimalistes pour Node.js",
    "universe": "web",
  },
]
`;
